24 E_RETURN_TYPE
22 E_RETURN_TYPE
31 E_RETURN_TYPE
44 E_RETURN_TYPE
