23 E_MAP_VALUE_TYPE
24 E_MAP_KEY_TYPE
25 E_ARRAY_LITERAL
37 E_EXPECTED_TYPE
41 E_EXPECTED_TYPE
42 E_MAP_KEY_TYPE
51 E_EXPECTED_TYPE
53 E_EXPECTED_TYPE
