31 E_CONST_NOT_RESOLVED
42 E_CONST_NOT_RESOLVED
43 E_CONST_NOT_RESOLVED
44 E_CONST_NOT_RESOLVED
48 E_CONST_NOT_RESOLVED
