13 E_FUNCTION_ARGUMENT
18 E_FUNCTION_ARGUMENT
29 E_FUNCTION_ARGUMENT
31 W_OLD_STYLE_CTOR
40 E_FUNCTION_ARGUMENT
41 E_FUNCTION_ARGUMENT
