11 E_FUNCTION_ARGUMENT
12 E_METHOD_NOT_FOUND
13 E_CLASS_NOT_FOUND
