27 E_METHOD_NOT_FOUND
30 E_METHOD_NOT_FOUND
41 E_PROPERTY_NOT_FOUND
42 E_PROPERTY_NOT_FOUND
45 E_METHOD_NOT_FOUND
46 E_METHOD_NOT_FOUND
52 E_METHOD_NOT_FOUND
53 E_METHOD_NOT_FOUND
58 E_METHOD_NOT_FOUND
