6 E_EXPECTED_TYPE
22 E_EXPECTED_TYPE
24 E_EXPECTED_TYPE
