14 E_METHOD_NOT_FOUND
18 E_METHOD_NOT_FOUND
20 E_EXPECTED_TYPE
30 E_TYPE_HINT
