11 E_UNION_TYPE_METHOD
14 E_METHOD_NOT_FOUND
16 E_UNION_TYPE_METHOD
