70 W_IMPOSSIBLE_BRANCH
72 E_EXPECTED_TYPE
74 W_IMPOSSIBLE_BRANCH
