9 E_EXPECTED_TYPE
11 E_EXPECTED_TYPE
21 E_STATIC_THIS
21 E_STATIC_PROPERTY
22 E_STATIC_PROPERTY
23 E_STATIC_THIS
24 E_STATIC_METHOD
25 E_STATIC_THIS
29 E_STATIC_PROPERTY
32 E_STATIC_PROPERTY
34 E_STATIC_METHOD
39 E_STATIC_METHOD
42 E_STATIC_METHOD
45 E_STATIC_METHOD
